{
    "tokenValue": "SDAOSLEFNWU35H3QLI5325",
    "channel": "WEB_GB",
    "currency": "GBP",
    "locale": "en_GB",
    "checkoutState": "cart",
    "items": [
        {
            "id": @integer@,
            "quantity": 3,
            "subTotal": 5997,
            "total": 5997,
            "product": {
                "code": "LOGAN_T_SHIRT_CODE",
                "name": "Logan T-Shirt",
                "slug": "logan-t-shirt",
                "channelCode": "WEB_GB",
                "description": "Some description Lorem ipsum dolor sit amet.",
                "averageRating": 0,
                "taxons": {
                    "main": "T_SHIRTS",
                    "others": [
                        "WOMEN_T_SHIRTS",
                        "BRAND"
                    ]
                },
                "variants": [
                    {
                        "code": "SMALL_LOGAN_T_SHIRT_CODE",
                        "name": "Small Logan T-Shirt",
                        "axis": [],
                        "nameAxis": {},
                        "available": true,
                        "price": {
                            "current": 1999,
                            "currency": "GBP"
                        },
                        "images": []
                    }
                ],
                "attributes": [],
                "associations": [],
                "images": [
                    {
                        "code": "thumbnail",
                        "path": "/pants.jpeg",
                        "cachedPath": "http://localhost/media/cache/sylius_shop_api/pants.jpeg"
                    },
                    {
                        "code": "thumbnail",
                        "path": "/pants.jpeg",
                        "cachedPath": "http://localhost/media/cache/sylius_shop_api/pants.jpeg"
                    },
                    {
                        "code": "thumbnail",
                        "path": "/pants.jpeg",
                        "cachedPath": "http://localhost/media/cache/sylius_shop_api/pants.jpeg"
                    }
                ],
                "_links": {
                    "self": {
                        "href": "\/shop-api\/products\/by-slug\/logan-t-shirt"
                    }
                }
            }
        },
        {
            "id": @integer@,
            "quantity": 3,
            "subTotal": 1500,
            "total": 1500,
            "product": {
                "code": "LOGAN_HAT_CODE",
                "name": "Logan Hat",
                "slug": "logan-hat",
                "channelCode": "WEB_GB",
                "averageRating": 0,
                "description": "Some description Lorem ipsum dolor sit amet.",
                "taxons": {
                    "main": "HAT",
                    "others": [
                        "HAT",
                        "BRAND"
                    ]
                },
                "variants": [
                    {
                        "code": "SMALL_RED_LOGAN_HAT_CODE",
                        "name": "Small Red Logan Hat",
                        "axis": [
                            "HAT_SIZE_S",
                            "HAT_COLOR_RED"
                        ],
                        "nameAxis": {
                            "HAT_SIZE_S": "Size S",
                            "HAT_COLOR_RED": "Color Red"
                        },
                        "available": true,
                        "price": {
                            "current": 500,
                            "currency": "GBP"
                        },
                        "images": []
                    }
                ],
                "attributes": [],
                "associations": [],
                "images": [],
                "_links": {
                    "self": {
                        "href": "\/shop-api\/products\/by-slug\/logan-hat"
                    }
                }
            }
        }
    ],
    "totals": {
        "total": 7497,
        "items": 7497,
        "taxes": 0,
        "shipping": 0,
        "promotion": 0
    },
    "payments": [],
    "shipments": [],
    "cartDiscounts": []
}
