{
  "code": 400,
  "message": "Validation failed",
  "errors": {
    "method": [
      "The selected payment method is not available for this cart."
    ]
  }
}
